Warning message:
One or more parsing issues, call `problems()` on your data frame for details,
e.g.:
  dat <- vroom(...)
  problems(dat) 
ℹ Producing chromatogram plots for: 'afzelin_b_ovatus_atcc_8483_and_b_ovatus_at…
Processing chromatographic peaks for features
→ Saving feature: FT22289
ℹ Producing chromatogram plots for: 'afzelin_b_ovatus_atcc_8483_and_b_ovatus_at…
→ Saving feature: FT18043
ℹ Producing chromatogram plots for: 'afzelin_b_ovatus_atcc_8483_and_b_ovatus_at…
→ Saving feature: FT27356
ℹ Producing chromatogram plots for: 'afzelin_b_ovatus_atcc_8483_and_b_ovatus_at…
→ Saving feature: FT14540
ℹ Producing chromatogram plots for: 'afzelin_b_ovatus_atcc_8483_and_b_ovatus_at…
→ Saving feature: FT08783
ℹ Producing chromatogram plots for: 'afzelin_b_ovatus_atcc_8483_and_b_ovatus_at…
→ Saving feature: FT10504
ℹ Producing chromatogram plots for: 'afzelin_b_ovatus_atcc_8483_and_b_ovatus_at…
→ Saving feature: FT20060
ℹ Producing chromatogram plots for: 'afzelin_b_ovatus_atcc_8483_and_b_ovatus_at…
→ Saving feature: FT19181
ℹ Producing chromatogram plots for: 'afzelin_b_ovatus_atcc_8483_and_b_ovatus_at…
→ Saving feature: FT15152
ℹ Producing chromatogram plots for: 'afzelin_b_ovatus_atcc_8483_and_b_ovatus_at…
→ Saving feature: FT00940
ℹ Producing chromatogram plots for: 'afzelin_b_ovatus_atcc_8483_and_b_ovatus_at…
→ Saving feature: FT13153
ℹ Producing chromatogram plots for: 'afzelin_b_ovatus_atcc_8483_and_b_ovatus_at…
→ Saving feature: FT18686
ℹ Producing chromatogram plots for: 'afzelin_b_ovatus_atcc_8483_and_b_ovatus_at…
→ Saving feature: FT12314
ℹ Producing chromatogram plots for: 'afzelin_b_ovatus_atcc_8483_and_b_ovatus_at…
→ Saving feature: FT13426
ℹ Producing chromatogram plots for: 'afzelin_b_ovatus_atcc_8483_and_b_ovatus_at…
→ Saving feature: FT14418
ℹ Producing chromatogram plots for: 'afzelin_b_ovatus_atcc_8483_and_b_ovatus_at…
→ Saving feature: FT06048
ℹ Producing chromatogram plots for: 'afzelin_b_ovatus_atcc_8483_and_b_ovatus_at…
→ Saving feature: FT12389
ℹ Producing chromatogram plots for: 'afzelin_b_ovatus_atcc_8483_and_b_ovatus_at…
→ Saving feature: FT14291
ℹ Producing chromatogram plots for: 'afzelin_b_ovatus_atcc_8483_and_b_ovatus_at…
→ Saving feature: FT10581
ℹ Producing chromatogram plots for: 'afzelin_b_ovatus_atcc_8483_and_b_ovatus_at…
→ Saving feature: FT04123
ℹ Producing chromatogram plots for: 'afzelin_b_ovatus_atcc_8483_and_b_ovatus_at…
→ Saving feature: FT11600
ℹ Producing chromatogram plots for: 'afzelin_b_ovatus_atcc_8483_and_b_ovatus_at…
→ Saving feature: FT03569
ℹ Producing chromatogram plots for: 'afzelin_b_ovatus_atcc_8483_and_b_ovatus_at…
→ Saving feature: FT10602
ℹ Producing chromatogram plots for: 'afzelin_b_ovatus_atcc_8483_and_b_ovatus_at…
→ Saving feature: FT11361
ℹ Producing chromatogram plots for: 'afzelin_b_ovatus_atcc_8483_and_b_ovatus_at…
→ Saving feature: FT09759
ℹ Producing chromatogram plots for: 'afzelin_b_ovatus_atcc_8483_and_b_ovatus_at…
→ Saving feature: FT22776
ℹ Producing chromatogram plots for: 'afzelin_b_ovatus_atcc_8483_and_b_ovatus_at…
→ Saving feature: FT12735
ℹ Producing chromatogram plots for: 'afzelin_b_ovatus_atcc_8483_and_b_ovatus_at…
→ Saving feature: FT05811
ℹ Producing chromatogram plots for: 'afzelin_b_ovatus_atcc_8483_and_b_ovatus_at…
→ Saving feature: FT06477
ℹ Producing chromatogram plots for: 'afzelin_b_ovatus_atcc_8483_and_b_ovatus_at…
→ Saving feature: FT18048
ℹ Producing chromatogram plots for: 'afzelin_b_ovatus_atcc_8483_and_b_ovatus_at…
→ Saving feature: FT15722
ℹ Producing chromatogram plots for: 'afzelin_b_ovatus_atcc_8483_and_b_ovatus_at…
→ Saving feature: FT13661
ℹ Producing chromatogram plots for: 'afzelin_b_ovatus_atcc_8483_and_b_ovatus_at…
→ Saving feature: FT00280
ℹ Producing chromatogram plots for: 'afzelin_b_ovatus_atcc_8483_and_b_ovatus_at…
→ Saving feature: FT27291
ℹ Producing chromatogram plots for: 'afzelin_b_ovatus_atcc_8483_and_b_ovatus_at…
→ Saving feature: FT07832
ℹ Producing chromatogram plots for: 'afzelin_b_ovatus_atcc_8483_and_b_ovatus_at…
→ Saving feature: FT09541
ℹ Producing chromatogram plots for: 'afzelin_b_ovatus_atcc_8483_and_b_ovatus_at…
→ Saving feature: FT09954
ℹ Producing chromatogram plots for: 'afzelin_b_ovatus_atcc_8483_and_b_ovatus_at…
→ Saving feature: FT07217
ℹ Producing chromatogram plots for: 'afzelin_b_ovatus_atcc_8483_and_b_ovatus_at…
→ Saving feature: FT07132
ℹ Producing chromatogram plots for: 'afzelin_b_ovatus_atcc_8483_and_b_ovatus_at…
→ Saving feature: FT09293
ℹ Producing chromatogram plots for: 'afzelin_b_ovatus_atcc_8483_and_b_ovatus_at…
→ Saving feature: FT02783
ℹ Producing chromatogram plots for: 'afzelin_b_ovatus_atcc_8483_and_b_ovatus_at…
→ Saving feature: FT13800
ℹ Producing chromatogram plots for: 'afzelin_b_ovatus_atcc_8483_and_b_ovatus_at…
→ Saving feature: FT18350
ℹ Producing chromatogram plots for: 'afzelin_b_ovatus_atcc_8483_and_b_ovatus_at…
→ Saving feature: FT07457
ℹ Producing chromatogram plots for: 'afzelin_b_ovatus_atcc_8483_and_b_ovatus_at…
→ Saving feature: FT19025
ℹ Producing chromatogram plots for: 'afzelin_b_ovatus_atcc_8483_and_b_ovatus_at…
→ Saving feature: FT06165
ℹ Producing chromatogram plots for: 'afzelin_b_ovatus_atcc_8483_and_b_ovatus_at…
→ Saving feature: FT09172
ℹ Producing chromatogram plots for: 'afzelin_b_ovatus_atcc_8483_and_b_ovatus_at…
→ Saving feature: FT14700
ℹ Producing chromatogram plots for: 'afzelin_b_ovatus_atcc_8483_and_b_ovatus_at…
→ Saving feature: FT08766
ℹ Producing chromatogram plots for: 'afzelin_b_ovatus_atcc_8483_and_b_ovatus_at…
→ Saving feature: FT16651
ℹ Producing chromatogram plots for: 'afzelin_b_ovatus_atcc_8483_and_b_ovatus_at…
→ Saving feature: FT03007
ℹ Producing chromatogram plots for: 'afzelin_b_ovatus_atcc_8483_and_b_ovatus_at…
→ Saving feature: FT09963
ℹ Producing chromatogram plots for: 'afzelin_b_ovatus_atcc_8483_and_b_ovatus_at…
→ Saving feature: FT23034
ℹ Producing chromatogram plots for: 'afzelin_b_ovatus_atcc_8483_and_b_ovatus_at…
→ Saving feature: FT10248
ℹ Producing chromatogram plots for: 'afzelin_b_ovatus_atcc_8483_and_b_ovatus_at…
→ Saving feature: FT11308
ℹ Producing chromatogram plots for: 'afzelin_b_ovatus_atcc_8483_and_b_ovatus_at…
→ Saving feature: FT11423
ℹ Producing chromatogram plots for: 'afzelin_b_ovatus_atcc_8483_and_b_ovatus_at…
→ Saving feature: FT10508
ℹ Producing chromatogram plots for: 'afzelin_b_ovatus_atcc_8483_and_b_ovatus_at…
→ Saving feature: FT05645
ℹ Producing chromatogram plots for: 'afzelin_b_ovatus_atcc_8483_and_b_ovatus_at…
→ Saving feature: FT19194
ℹ Producing chromatogram plots for: 'afzelin_b_ovatus_atcc_8483_and_b_ovatus_at…
→ Saving feature: FT15014
ℹ Producing chromatogram plots for: 'afzelin_b_ovatus_atcc_8483_and_b_ovatus_at…
→ Saving feature: FT24269
ℹ Producing chromatogram plots for: 'afzelin_b_ovatus_atcc_8483_and_b_ovatus_at…
→ Saving feature: FT21771
ℹ Producing chromatogram plots for: 'afzelin_b_ovatus_atcc_8483_and_b_ovatus_at…
→ Saving feature: FT13458
ℹ Producing chromatogram plots for: 'afzelin_b_ovatus_atcc_8483_and_b_ovatus_at…
→ Saving feature: FT04219
ℹ Producing chromatogram plots for: 'afzelin_b_ovatus_atcc_8483_and_b_ovatus_at…
→ Saving feature: FT00337
ℹ Producing chromatogram plots for: 'afzelin_b_ovatus_atcc_8483_and_b_ovatus_at…
→ Saving feature: FT16639
ℹ Producing chromatogram plots for: 'afzelin_b_ovatus_atcc_8483_and_b_ovatus_at…
→ Saving feature: FT19472
ℹ Producing chromatogram plots for: 'afzelin_b_ovatus_atcc_8483_and_b_ovatus_at…
→ Saving feature: FT08831
ℹ Producing chromatogram plots for: 'afzelin_b_ovatus_atcc_8483_and_b_ovatus_at…
→ Saving feature: FT22292
ℹ Producing chromatogram plots for: 'afzelin_b_ovatus_atcc_8483_and_b_ovatus_at…
✔ Saved plots to: '/Volumes/bluecub/aglycone_release_100um_24h/output/afzelin_b…

[18:25:10] non-ring atom 1 marked aromatic
[18:25:10] non-ring atom 1 marked aromatic
[18:25:10] non-ring atom 1 marked aromatic
[18:25:10] non-ring atom 1 marked aromatic
[18:25:10] non-ring atom 1 marked aromatic
[18:25:10] non-ring atom 1 marked aromatic
[18:25:10] non-ring atom 8 marked aromatic
[18:25:10] non-ring atom 1 marked aromatic
[18:25:10] non-ring atom 6 marked aromatic
[18:25:10] non-ring atom 1 marked aromatic
[18:25:10] non-ring atom 1 marked aromatic
[18:25:10] non-ring atom 1 marked aromatic
[18:25:10] non-ring atom 1 marked aromatic
[18:25:10] non-ring atom 1 marked aromatic
[18:25:10] non-ring atom 1 marked aromatic
82 distinct scaffolds among 157 MCS survivors
110 distinct attached fragments among 144 candidates
Saved to /Volumes/bluecub/aglycone_release_100um_24h/output/afzelin_b_ovatus_atcc_8483_and_b_ovatus_atcc_8483_d_operon/report/similar_hits.html
