26 distinct scaffolds among 67 MCS survivors
42 distinct attached fragments among 64 candidates
Saved to /Volumes/bluecub/aglycone_release_100um_24h/output/afzelin_b_ovatus_atcc_8483_and_b_ovatus_atcc_8483_d_operon/report/similar_hits.html
35 distinct scaffolds among 171 MCS survivors
58 distinct attached fragments among 164 candidates
Saved to /Volumes/bluecub/aglycone_release_100um_24h/output/afzelin_b_thetaiotaomicron_vpi_5482/report/similar_hits.html
28 distinct scaffolds among 125 MCS survivors
42 distinct attached fragments among 122 candidates
Saved to /Volumes/bluecub/aglycone_release_100um_24h/output/afzelin_b_uniformis_atcc_8492_and_bu_gsh_d_ggh_c_gsh_g/report/similar_hits.html
28 distinct scaffolds among 91 MCS survivors
43 distinct attached fragments among 82 candidates
Saved to /Volumes/bluecub/aglycone_release_100um_24h/output/afzelin_p_copri_i_ak263/report/similar_hits.html
25 distinct scaffolds among 69 MCS survivors
44 distinct attached fragments among 69 candidates
Saved to /Volumes/bluecub/aglycone_release_100um_24h/output/apigenin_7_o_2g_rhamnosyl_gentiobioside_b_ovatus_atcc_8483_and_b_ovatus_atcc_8483_d_operon/report/similar_hits.html
30 distinct scaffolds among 97 MCS survivors
59 distinct attached fragments among 95 candidates
Saved to /Volumes/bluecub/aglycone_release_100um_24h/output/apigenin_7_o_2g_rhamnosyl_gentiobioside_b_thetaiotaomicron_vpi_5482/report/similar_hits.html
25 distinct scaffolds among 75 MCS survivors
40 distinct attached fragments among 74 candidates
Saved to /Volumes/bluecub/aglycone_release_100um_24h/output/apigenin_7_o_2g_rhamnosyl_gentiobioside_b_uniformis_atcc_8492_and_bu_gsh_d_ggh_c_gsh_g/report/similar_hits.html
15 distinct scaffolds among 29 MCS survivors
25 distinct attached fragments among 29 candidates
Saved to /Volumes/bluecub/aglycone_release_100um_24h/output/apigenin_7_o_2g_rhamnosyl_gentiobioside_p_copri_i_ak263/report/similar_hits.html
24 distinct scaffolds among 102 MCS survivors
43 distinct attached fragments among 100 candidates
Saved to /Volumes/bluecub/aglycone_release_100um_24h/output/apiin_b_ovatus_atcc_8483_and_b_ovatus_atcc_8483_d_operon/report/similar_hits.html
25 distinct scaffolds among 119 MCS survivors
44 distinct attached fragments among 116 candidates
Saved to /Volumes/bluecub/aglycone_release_100um_24h/output/apiin_b_thetaiotaomicron_vpi_5482/report/similar_hits.html
1 distinct scaffolds among 2 MCS survivors
1 distinct attached fragments among 2 candidates
Saved to /Volumes/bluecub/aglycone_release_100um_24h/output/apiin_b_uniformis_atcc_8492_and_bu_gsh_d_ggh_c_gsh_g/report/similar_hits.html
10 distinct scaffolds among 74 MCS survivors
25 distinct attached fragments among 72 candidates
Saved to /Volumes/bluecub/aglycone_release_100um_24h/output/apiin_p_copri_i_ak263/report/similar_hits.html
35 distinct scaffolds among 97 MCS survivors
50 distinct attached fragments among 92 candidates
Saved to /Volumes/bluecub/aglycone_release_100um_24h/output/avicularin_b_ovatus_atcc_8483_and_b_ovatus_atcc_8483_d_operon/report/similar_hits.html
26 distinct scaffolds among 185 MCS survivors
41 distinct attached fragments among 172 candidates
Saved to /Volumes/bluecub/aglycone_release_100um_24h/output/avicularin_b_thetaiotaomicron_vpi_5482/report/similar_hits.html
10 distinct scaffolds among 96 MCS survivors
24 distinct attached fragments among 91 candidates
Saved to /Volumes/bluecub/aglycone_release_100um_24h/output/avicularin_b_uniformis_atcc_8492_and_bu_gsh_d_ggh_c_gsh_g/report/similar_hits.html
31 distinct scaffolds among 90 MCS survivors
42 distinct attached fragments among 85 candidates
Saved to /Volumes/bluecub/aglycone_release_100um_24h/output/avicularin_p_copri_i_ak263/report/similar_hits.html
14 distinct scaffolds among 40 MCS survivors
24 distinct attached fragments among 40 candidates
Saved to /Volumes/bluecub/aglycone_release_100um_24h/output/calycosin_7_o_b_d_glucoside_b_ovatus_atcc_8483_and_b_ovatus_atcc_8483_d_operon/report/similar_hits.html
21 distinct scaffolds among 93 MCS survivors
50 distinct attached fragments among 91 candidates
Saved to /Volumes/bluecub/aglycone_release_100um_24h/output/calycosin_7_o_b_d_glucoside_b_thetaiotaomicron_vpi_5482/report/similar_hits.html
22 distinct scaffolds among 93 MCS survivors
37 distinct attached fragments among 93 candidates
Saved to /Volumes/bluecub/aglycone_release_100um_24h/output/calycosin_7_o_b_d_glucoside_b_uniformis_atcc_8492_and_bu_gsh_d_ggh_c_gsh_g/report/similar_hits.html
12 distinct scaffolds among 26 MCS survivors
21 distinct attached fragments among 25 candidates
Saved to /Volumes/bluecub/aglycone_release_100um_24h/output/calycosin_7_o_b_d_glucoside_p_copri_i_ak263/report/similar_hits.html
27 distinct scaffolds among 87 MCS survivors
40 distinct attached fragments among 84 candidates
Saved to /Volumes/bluecub/aglycone_release_100um_24h/output/clitorin_b_ovatus_atcc_8483_and_b_ovatus_atcc_8483_d_operon/report/similar_hits.html
33 distinct scaffolds among 137 MCS survivors
48 distinct attached fragments among 132 candidates
Saved to /Volumes/bluecub/aglycone_release_100um_24h/output/clitorin_b_thetaiotaomicron_vpi_5482/report/similar_hits.html
20 distinct scaffolds among 90 MCS survivors
37 distinct attached fragments among 86 candidates
Saved to /Volumes/bluecub/aglycone_release_100um_24h/output/clitorin_b_uniformis_atcc_8492_and_bu_gsh_d_ggh_c_gsh_g/report/similar_hits.html
26 distinct scaffolds among 64 MCS survivors
34 distinct attached fragments among 60 candidates
Saved to /Volumes/bluecub/aglycone_release_100um_24h/output/clitorin_p_copri_i_ak263/report/similar_hits.html
26 distinct scaffolds among 51 MCS survivors
33 distinct attached fragments among 51 candidates
Saved to /Volumes/bluecub/aglycone_release_100um_24h/output/grosvenorine_b_ovatus_atcc_8483_and_b_ovatus_atcc_8483_d_operon/report/similar_hits.html
31 distinct scaffolds among 53 MCS survivors
39 distinct attached fragments among 49 candidates
Saved to /Volumes/bluecub/aglycone_release_100um_24h/output/grosvenorine_b_thetaiotaomicron_vpi_5482/report/similar_hits.html
19 distinct scaffolds among 38 MCS survivors
25 distinct attached fragments among 38 candidates
Saved to /Volumes/bluecub/aglycone_release_100um_24h/output/grosvenorine_b_uniformis_atcc_8492_and_bu_gsh_d_ggh_c_gsh_g/report/similar_hits.html
13 distinct scaffolds among 19 MCS survivors
16 distinct attached fragments among 19 candidates
Saved to /Volumes/bluecub/aglycone_release_100um_24h/output/grosvenorine_p_copri_i_ak263/report/similar_hits.html
13 distinct scaffolds among 29 MCS survivors
20 distinct attached fragments among 29 candidates
Saved to /Volumes/bluecub/aglycone_release_100um_24h/output/hesperetin_7_o_glucoside_b_ovatus_atcc_8483_and_b_ovatus_atcc_8483_d_operon/report/similar_hits.html
13 distinct scaffolds among 55 MCS survivors
41 distinct attached fragments among 55 candidates
Saved to /Volumes/bluecub/aglycone_release_100um_24h/output/hesperetin_7_o_glucoside_b_thetaiotaomicron_vpi_5482/report/similar_hits.html
17 distinct scaffolds among 67 MCS survivors
36 distinct attached fragments among 65 candidates
Saved to /Volumes/bluecub/aglycone_release_100um_24h/output/hesperetin_7_o_glucoside_b_uniformis_atcc_8492_and_bu_gsh_d_ggh_c_gsh_g/report/similar_hits.html
6 distinct scaffolds among 17 MCS survivors
15 distinct attached fragments among 17 candidates
Saved to /Volumes/bluecub/aglycone_release_100um_24h/output/hesperetin_7_o_glucoside_p_copri_i_ak263/report/similar_hits.html
12 distinct scaffolds among 37 MCS survivors
17 distinct attached fragments among 35 candidates
Saved to /Volumes/bluecub/aglycone_release_100um_24h/output/isoquercitroside_b_ovatus_atcc_8483_and_b_ovatus_atcc_8483_d_operon/report/similar_hits.html
35 distinct scaffolds among 176 MCS survivors
49 distinct attached fragments among 168 candidates
Saved to /Volumes/bluecub/aglycone_release_100um_24h/output/isoquercitroside_b_thetaiotaomicron_vpi_5482/report/similar_hits.html
28 distinct scaffolds among 123 MCS survivors
38 distinct attached fragments among 115 candidates
Saved to /Volumes/bluecub/aglycone_release_100um_24h/output/isoquercitroside_b_uniformis_atcc_8492_and_bu_gsh_d_ggh_c_gsh_g/report/similar_hits.html
41 distinct scaffolds among 156 MCS survivors
50 distinct attached fragments among 137 candidates
Saved to /Volumes/bluecub/aglycone_release_100um_24h/output/isoquercitroside_p_copri_i_ak263/report/similar_hits.html
48 distinct scaffolds among 181 MCS survivors
69 distinct attached fragments among 176 candidates
Saved to /Volumes/bluecub/aglycone_release_100um_24h/output/isorhamnetin_3_o_b_d_glucoside_b_ovatus_atcc_8483_and_b_ovatus_atcc_8483_d_operon/report/similar_hits.html
58 distinct scaffolds among 248 MCS survivors
97 distinct attached fragments among 232 candidates
Saved to /Volumes/bluecub/aglycone_release_100um_24h/output/isorhamnetin_3_o_b_d_glucoside_b_thetaiotaomicron_vpi_5482/report/similar_hits.html
31 distinct scaffolds among 111 MCS survivors
54 distinct attached fragments among 108 candidates
Saved to /Volumes/bluecub/aglycone_release_100um_24h/output/isorhamnetin_3_o_b_d_glucoside_b_uniformis_atcc_8492_and_bu_gsh_d_ggh_c_gsh_g/report/similar_hits.html
43 distinct scaffolds among 161 MCS survivors
52 distinct attached fragments among 158 candidates
Saved to /Volumes/bluecub/aglycone_release_100um_24h/output/isorhamnetin_3_o_b_d_glucoside_p_copri_i_ak263/report/similar_hits.html
22 distinct scaffolds among 80 MCS survivors
35 distinct attached fragments among 77 candidates
Saved to /Volumes/bluecub/aglycone_release_100um_24h/output/isorhamnetin_3_o_neohesperidoside_b_ovatus_atcc_8483_and_b_ovatus_atcc_8483_d_operon/report/similar_hits.html
37 distinct scaffolds among 115 MCS survivors
48 distinct attached fragments among 108 candidates
Saved to /Volumes/bluecub/aglycone_release_100um_24h/output/isorhamnetin_3_o_neohesperidoside_b_thetaiotaomicron_vpi_5482/report/similar_hits.html
26 distinct scaffolds among 75 MCS survivors
40 distinct attached fragments among 75 candidates
Saved to /Volumes/bluecub/aglycone_release_100um_24h/output/isorhamnetin_3_o_neohesperidoside_b_uniformis_atcc_8492_and_bu_gsh_d_ggh_c_gsh_g/report/similar_hits.html
41 distinct scaffolds among 147 MCS survivors
52 distinct attached fragments among 144 candidates
Saved to /Volumes/bluecub/aglycone_release_100um_24h/output/isorhamnetin_3_o_neohesperidoside_p_copri_i_ak263/report/similar_hits.html
30 distinct scaffolds among 78 MCS survivors
43 distinct attached fragments among 73 candidates
Saved to /Volumes/bluecub/aglycone_release_100um_24h/output/isorhoifolin_b_ovatus_atcc_8483_and_b_ovatus_atcc_8483_d_operon/report/similar_hits.html
28 distinct scaffolds among 72 MCS survivors
40 distinct attached fragments among 64 candidates
Saved to /Volumes/bluecub/aglycone_release_100um_24h/output/isorhoifolin_b_thetaiotaomicron_vpi_5482/report/similar_hits.html
23 distinct scaffolds among 55 MCS survivors
38 distinct attached fragments among 50 candidates
Saved to /Volumes/bluecub/aglycone_release_100um_24h/output/isorhoifolin_b_uniformis_atcc_8492_and_bu_gsh_d_ggh_c_gsh_g/report/similar_hits.html
38 distinct scaffolds among 107 MCS survivors
60 distinct attached fragments among 100 candidates
Saved to /Volumes/bluecub/aglycone_release_100um_24h/output/isorhoifolin_p_copri_i_ak263/report/similar_hits.html
10 distinct scaffolds among 13 MCS survivors
12 distinct attached fragments among 13 candidates
Saved to /Volumes/bluecub/aglycone_release_100um_24h/output/isovitexin_b_ovatus_atcc_8483_and_b_ovatus_atcc_8483_d_operon/report/similar_hits.html
26 distinct scaffolds among 52 MCS survivors
36 distinct attached fragments among 52 candidates
Saved to /Volumes/bluecub/aglycone_release_100um_24h/output/isovitexin_b_thetaiotaomicron_vpi_5482/report/similar_hits.html
19 distinct scaffolds among 35 MCS survivors
27 distinct attached fragments among 35 candidates
Saved to /Volumes/bluecub/aglycone_release_100um_24h/output/isovitexin_b_uniformis_atcc_8492_and_bu_gsh_d_ggh_c_gsh_g/report/similar_hits.html
10 distinct scaffolds among 13 MCS survivors
13 distinct attached fragments among 13 candidates
Saved to /Volumes/bluecub/aglycone_release_100um_24h/output/isovitexin_p_copri_i_ak263/report/similar_hits.html
34 distinct scaffolds among 111 MCS survivors
55 distinct attached fragments among 108 candidates
Saved to /Volumes/bluecub/aglycone_release_100um_24h/output/kaempferitrin_b_ovatus_atcc_8483_and_b_ovatus_atcc_8483_d_operon/report/similar_hits.html
6 distinct scaffolds among 14 MCS survivors
9 distinct attached fragments among 14 candidates
Saved to /Volumes/bluecub/aglycone_release_100um_24h/output/kaempferitrin_b_thetaiotaomicron_vpi_5482/report/similar_hits.html
47 distinct scaffolds among 198 MCS survivors
71 distinct attached fragments among 197 candidates
Saved to /Volumes/bluecub/aglycone_release_100um_24h/output/kaempferitrin_b_uniformis_atcc_8492_and_bu_gsh_d_ggh_c_gsh_g/report/similar_hits.html
11 distinct scaffolds among 35 MCS survivors
21 distinct attached fragments among 33 candidates
Saved to /Volumes/bluecub/aglycone_release_100um_24h/output/kaempferitrin_p_copri_i_ak263/report/similar_hits.html
15 distinct scaffolds among 28 MCS survivors
21 distinct attached fragments among 28 candidates
Saved to /Volumes/bluecub/aglycone_release_100um_24h/output/kaempferol_3_glucuronide_b_ovatus_atcc_8483_and_b_ovatus_atcc_8483_d_operon/report/similar_hits.html
3 distinct scaffolds among 3 MCS survivors
2 distinct attached fragments among 2 candidates
Saved to /Volumes/bluecub/aglycone_release_100um_24h/output/kaempferol_3_glucuronide_b_thetaiotaomicron_vpi_5482/report/similar_hits.html
12 distinct scaffolds among 21 MCS survivors
14 distinct attached fragments among 21 candidates
Saved to /Volumes/bluecub/aglycone_release_100um_24h/output/kaempferol_3_glucuronide_b_uniformis_atcc_8492_and_bu_gsh_d_ggh_c_gsh_g/report/similar_hits.html
6 distinct scaffolds among 7 MCS survivors
7 distinct attached fragments among 7 candidates
Saved to /Volumes/bluecub/aglycone_release_100um_24h/output/kaempferol_3_glucuronide_p_copri_i_ak263/report/similar_hits.html
34 distinct scaffolds among 72 MCS survivors
36 distinct attached fragments among 69 candidates
Saved to /Volumes/bluecub/aglycone_release_100um_24h/output/kaempferol_7_neohesperidoside_b_ovatus_atcc_8483_and_b_ovatus_atcc_8483_d_operon/report/similar_hits.html
7 distinct scaffolds among 45 MCS survivors
19 distinct attached fragments among 45 candidates
Saved to /Volumes/bluecub/aglycone_release_100um_24h/output/kaempferol_7_neohesperidoside_b_thetaiotaomicron_vpi_5482/report/similar_hits.html
37 distinct scaffolds among 131 MCS survivors
57 distinct attached fragments among 131 candidates
Saved to /Volumes/bluecub/aglycone_release_100um_24h/output/kaempferol_7_neohesperidoside_b_uniformis_atcc_8492_and_bu_gsh_d_ggh_c_gsh_g/report/similar_hits.html
11 distinct scaffolds among 31 MCS survivors
22 distinct attached fragments among 31 candidates
Saved to /Volumes/bluecub/aglycone_release_100um_24h/output/kaempferol_7_neohesperidoside_p_copri_i_ak263/report/similar_hits.html
29 distinct scaffolds among 109 MCS survivors
34 distinct attached fragments among 104 candidates
Saved to /Volumes/bluecub/aglycone_release_100um_24h/output/kaempferol_7_o_glucoside_b_ovatus_atcc_8483_and_b_ovatus_atcc_8483_d_operon/report/similar_hits.html
42 distinct scaffolds among 221 MCS survivors
69 distinct attached fragments among 205 candidates
Saved to /Volumes/bluecub/aglycone_release_100um_24h/output/kaempferol_7_o_glucoside_b_thetaiotaomicron_vpi_5482/report/similar_hits.html
32 distinct scaffolds among 127 MCS survivors
49 distinct attached fragments among 122 candidates
Saved to /Volumes/bluecub/aglycone_release_100um_24h/output/kaempferol_7_o_glucoside_b_uniformis_atcc_8492_and_bu_gsh_d_ggh_c_gsh_g/report/similar_hits.html
26 distinct scaffolds among 90 MCS survivors
38 distinct attached fragments among 81 candidates
Saved to /Volumes/bluecub/aglycone_release_100um_24h/output/kaempferol_7_o_glucoside_p_copri_i_ak263/report/similar_hits.html
35 distinct scaffolds among 104 MCS survivors
53 distinct attached fragments among 103 candidates
Saved to /Volumes/bluecub/aglycone_release_100um_24h/output/ligustroflavone_b_ovatus_atcc_8483_and_b_ovatus_atcc_8483_d_operon/report/similar_hits.html
17 distinct scaffolds among 52 MCS survivors
27 distinct attached fragments among 45 candidates
Saved to /Volumes/bluecub/aglycone_release_100um_24h/output/ligustroflavone_b_thetaiotaomicron_vpi_5482/report/similar_hits.html
23 distinct scaffolds among 72 MCS survivors
36 distinct attached fragments among 71 candidates
Saved to /Volumes/bluecub/aglycone_release_100um_24h/output/ligustroflavone_b_uniformis_atcc_8492_and_bu_gsh_d_ggh_c_gsh_g/report/similar_hits.html
24 distinct scaffolds among 106 MCS survivors
44 distinct attached fragments among 96 candidates
Saved to /Volumes/bluecub/aglycone_release_100um_24h/output/ligustroflavone_p_copri_i_ak263/report/similar_hits.html
13 distinct scaffolds among 51 MCS survivors
23 distinct attached fragments among 51 candidates
Saved to /Volumes/bluecub/aglycone_release_100um_24h/output/luteolin_7_o_glucuronide_b_ovatus_atcc_8483_and_b_ovatus_atcc_8483_d_operon/report/similar_hits.html
16 distinct scaffolds among 91 MCS survivors
35 distinct attached fragments among 83 candidates
Saved to /Volumes/bluecub/aglycone_release_100um_24h/output/luteolin_7_o_glucuronide_b_thetaiotaomicron_vpi_5482/report/similar_hits.html
4 distinct scaffolds among 16 MCS survivors
8 distinct attached fragments among 16 candidates
Saved to /Volumes/bluecub/aglycone_release_100um_24h/output/luteolin_7_o_glucuronide_b_uniformis_atcc_8492_and_bu_gsh_d_ggh_c_gsh_g/report/similar_hits.html
1 distinct scaffolds among 3 MCS survivors
3 distinct attached fragments among 3 candidates
Saved to /Volumes/bluecub/aglycone_release_100um_24h/output/luteolin_7_o_glucuronide_p_copri_i_ak263/report/similar_hits.html
9 distinct scaffolds among 10 MCS survivors
9 distinct attached fragments among 10 candidates
Saved to /Volumes/bluecub/aglycone_release_100um_24h/output/luteolin_7_o_rutinoside_b_ovatus_atcc_8483_and_b_ovatus_atcc_8483_d_operon/report/similar_hits.html
8 distinct scaffolds among 13 MCS survivors
10 distinct attached fragments among 13 candidates
Saved to /Volumes/bluecub/aglycone_release_100um_24h/output/luteolin_7_o_rutinoside_b_thetaiotaomicron_vpi_5482/report/similar_hits.html
3 distinct scaffolds among 8 MCS survivors
5 distinct attached fragments among 8 candidates
Saved to /Volumes/bluecub/aglycone_release_100um_24h/output/luteolin_7_o_rutinoside_b_uniformis_atcc_8492_and_bu_gsh_d_ggh_c_gsh_g/report/similar_hits.html
10 distinct scaffolds among 16 MCS survivors
14 distinct attached fragments among 16 candidates
Saved to /Volumes/bluecub/aglycone_release_100um_24h/output/luteolin_7_o_rutinoside_p_copri_i_ak263/report/similar_hits.html
22 distinct scaffolds among 42 MCS survivors
32 distinct attached fragments among 42 candidates
Saved to /Volumes/bluecub/aglycone_release_100um_24h/output/narcissoside_b_ovatus_atcc_8483_and_b_ovatus_atcc_8483_d_operon/report/similar_hits.html
21 distinct scaffolds among 55 MCS survivors
42 distinct attached fragments among 50 candidates
Saved to /Volumes/bluecub/aglycone_release_100um_24h/output/narcissoside_b_thetaiotaomicron_vpi_5482/report/similar_hits.html
16 distinct scaffolds among 51 MCS survivors
27 distinct attached fragments among 43 candidates
Saved to /Volumes/bluecub/aglycone_release_100um_24h/output/narcissoside_b_uniformis_atcc_8492_and_bu_gsh_d_ggh_c_gsh_g/report/similar_hits.html
36 distinct scaffolds among 124 MCS survivors
35 distinct attached fragments among 123 candidates
Saved to /Volumes/bluecub/aglycone_release_100um_24h/output/narcissoside_p_copri_i_ak263/report/similar_hits.html
5 distinct scaffolds among 7 MCS survivors
6 distinct attached fragments among 7 candidates
Saved to /Volumes/bluecub/aglycone_release_100um_24h/output/naringenin_7_o_b_d_glucuronide_b_ovatus_atcc_8483_and_b_ovatus_atcc_8483_d_operon/report/similar_hits.html
9 distinct scaffolds among 23 MCS survivors
10 distinct attached fragments among 23 candidates
Saved to /Volumes/bluecub/aglycone_release_100um_24h/output/naringenin_7_o_b_d_glucuronide_b_thetaiotaomicron_vpi_5482/report/similar_hits.html
4 distinct scaffolds among 32 MCS survivors
18 distinct attached fragments among 32 candidates
Saved to /Volumes/bluecub/aglycone_release_100um_24h/output/naringenin_7_o_b_d_glucuronide_b_uniformis_atcc_8492_and_bu_gsh_d_ggh_c_gsh_g/report/similar_hits.html
13 distinct scaffolds among 38 MCS survivors
22 distinct attached fragments among 38 candidates
Saved to /Volumes/bluecub/aglycone_release_100um_24h/output/naringenin_7_o_b_d_glucuronide_p_copri_i_ak263/report/similar_hits.html
19 distinct scaffolds among 69 MCS survivors
30 distinct attached fragments among 68 candidates
Saved to /Volumes/bluecub/aglycone_release_100um_24h/output/prunin_b_ovatus_atcc_8483_and_b_ovatus_atcc_8483_d_operon/report/similar_hits.html
24 distinct scaffolds among 123 MCS survivors
53 distinct attached fragments among 122 candidates
Saved to /Volumes/bluecub/aglycone_release_100um_24h/output/prunin_b_thetaiotaomicron_vpi_5482/report/similar_hits.html
22 distinct scaffolds among 71 MCS survivors
40 distinct attached fragments among 71 candidates
Saved to /Volumes/bluecub/aglycone_release_100um_24h/output/prunin_b_uniformis_atcc_8492_and_bu_gsh_d_ggh_c_gsh_g/report/similar_hits.html
18 distinct scaffolds among 150 MCS survivors
48 distinct attached fragments among 139 candidates
Saved to /Volumes/bluecub/aglycone_release_100um_24h/output/prunin_p_copri_i_ak263/report/similar_hits.html
23 distinct scaffolds among 76 MCS survivors
36 distinct attached fragments among 73 candidates
Saved to /Volumes/bluecub/aglycone_release_100um_24h/output/quercetin_3_d_galactoside_b_ovatus_atcc_8483_and_b_ovatus_atcc_8483_d_operon/report/similar_hits.html
26 distinct scaffolds among 131 MCS survivors
40 distinct attached fragments among 123 candidates
Saved to /Volumes/bluecub/aglycone_release_100um_24h/output/quercetin_3_d_galactoside_b_thetaiotaomicron_vpi_5482/report/similar_hits.html
21 distinct scaffolds among 139 MCS survivors
37 distinct attached fragments among 135 candidates
Saved to /Volumes/bluecub/aglycone_release_100um_24h/output/quercetin_3_d_galactoside_b_uniformis_atcc_8492_and_bu_gsh_d_ggh_c_gsh_g/report/similar_hits.html
33 distinct scaffolds among 78 MCS survivors
33 distinct attached fragments among 74 candidates
Saved to /Volumes/bluecub/aglycone_release_100um_24h/output/quercetin_3_d_galactoside_p_copri_i_ak263/report/similar_hits.html
9 distinct scaffolds among 23 MCS survivors
11 distinct attached fragments among 21 candidates
Saved to /Volumes/bluecub/aglycone_release_100um_24h/output/quercetin_3_o_b_d_glucose_7_o_b_d_gentiobioside_b_ovatus_atcc_8483_and_b_ovatus_atcc_8483_d_operon/report/similar_hits.html
22 distinct scaffolds among 61 MCS survivors
23 distinct attached fragments among 56 candidates
Saved to /Volumes/bluecub/aglycone_release_100um_24h/output/quercetin_3_o_b_d_glucose_7_o_b_d_gentiobioside_b_thetaiotaomicron_vpi_5482/report/similar_hits.html
14 distinct scaffolds among 51 MCS survivors
25 distinct attached fragments among 49 candidates
Saved to /Volumes/bluecub/aglycone_release_100um_24h/output/quercetin_3_o_b_d_glucose_7_o_b_d_gentiobioside_b_uniformis_atcc_8492_and_bu_gsh_d_ggh_c_gsh_g/report/similar_hits.html
26 distinct scaffolds among 63 MCS survivors
29 distinct attached fragments among 57 candidates
Saved to /Volumes/bluecub/aglycone_release_100um_24h/output/quercetin_3_o_b_d_glucose_7_o_b_d_gentiobioside_p_copri_i_ak263/report/similar_hits.html
22 distinct scaffolds among 63 MCS survivors
29 distinct attached fragments among 61 candidates
Saved to /Volumes/bluecub/aglycone_release_100um_24h/output/quercetin_3_o_b_d_xylopyranoside_b_ovatus_atcc_8483_and_b_ovatus_atcc_8483_d_operon/report/similar_hits.html
31 distinct scaffolds among 167 MCS survivors
45 distinct attached fragments among 142 candidates
Saved to /Volumes/bluecub/aglycone_release_100um_24h/output/quercetin_3_o_b_d_xylopyranoside_b_thetaiotaomicron_vpi_5482/report/similar_hits.html
22 distinct scaffolds among 122 MCS survivors
32 distinct attached fragments among 120 candidates
Saved to /Volumes/bluecub/aglycone_release_100um_24h/output/quercetin_3_o_b_d_xylopyranoside_b_uniformis_atcc_8492_and_bu_gsh_d_ggh_c_gsh_g/report/similar_hits.html
32 distinct scaffolds among 124 MCS survivors
52 distinct attached fragments among 122 candidates
Saved to /Volumes/bluecub/aglycone_release_100um_24h/output/quercetin_3_o_b_d_xylopyranoside_p_copri_i_ak263/report/similar_hits.html
20 distinct scaffolds among 76 MCS survivors
29 distinct attached fragments among 66 candidates
Saved to /Volumes/bluecub/aglycone_release_100um_24h/output/quercetin_3_o_glucuronide_b_ovatus_atcc_8483_and_b_ovatus_atcc_8483_d_operon/report/similar_hits.html
14 distinct scaffolds among 92 MCS survivors
27 distinct attached fragments among 88 candidates
Saved to /Volumes/bluecub/aglycone_release_100um_24h/output/quercetin_3_o_glucuronide_b_thetaiotaomicron_vpi_5482/report/similar_hits.html
23 distinct scaffolds among 109 MCS survivors
36 distinct attached fragments among 104 candidates
Saved to /Volumes/bluecub/aglycone_release_100um_24h/output/quercetin_3_o_glucuronide_b_uniformis_atcc_8492_and_bu_gsh_d_ggh_c_gsh_g/report/similar_hits.html
32 distinct scaffolds among 105 MCS survivors
41 distinct attached fragments among 101 candidates
Saved to /Volumes/bluecub/aglycone_release_100um_24h/output/quercetin_3_o_glucuronide_p_copri_i_ak263/report/similar_hits.html
16 distinct scaffolds among 64 MCS survivors
31 distinct attached fragments among 58 candidates
Saved to /Volumes/bluecub/aglycone_release_100um_24h/output/quercetin_3_o_sophoroside_b_ovatus_atcc_8483_and_b_ovatus_atcc_8483_d_operon/report/similar_hits.html
9 distinct scaffolds among 81 MCS survivors
23 distinct attached fragments among 68 candidates
Saved to /Volumes/bluecub/aglycone_release_100um_24h/output/quercetin_3_o_sophoroside_b_thetaiotaomicron_vpi_5482/report/similar_hits.html
11 distinct scaffolds among 102 MCS survivors
30 distinct attached fragments among 88 candidates
Saved to /Volumes/bluecub/aglycone_release_100um_24h/output/quercetin_3_o_sophoroside_b_uniformis_atcc_8492_and_bu_gsh_d_ggh_c_gsh_g/report/similar_hits.html
3 distinct scaffolds among 13 MCS survivors
8 distinct attached fragments among 9 candidates
Saved to /Volumes/bluecub/aglycone_release_100um_24h/output/quercetin_3_o_sophoroside_p_copri_i_ak263/report/similar_hits.html
11 distinct scaffolds among 46 MCS survivors
15 distinct attached fragments among 41 candidates
Saved to /Volumes/bluecub/aglycone_release_100um_24h/output/quercetin_7_o_b_d_glucopyranoside_b_ovatus_atcc_8483_and_b_ovatus_atcc_8483_d_operon/report/similar_hits.html
33 distinct scaffolds among 183 MCS survivors
41 distinct attached fragments among 168 candidates
Saved to /Volumes/bluecub/aglycone_release_100um_24h/output/quercetin_7_o_b_d_glucopyranoside_b_thetaiotaomicron_vpi_5482/report/similar_hits.html
23 distinct scaffolds among 190 MCS survivors
43 distinct attached fragments among 167 candidates
Saved to /Volumes/bluecub/aglycone_release_100um_24h/output/quercetin_7_o_b_d_glucopyranoside_b_uniformis_atcc_8492_and_bu_gsh_d_ggh_c_gsh_g/report/similar_hits.html
29 distinct scaffolds among 84 MCS survivors
40 distinct attached fragments among 72 candidates
Saved to /Volumes/bluecub/aglycone_release_100um_24h/output/quercetin_7_o_b_d_glucopyranoside_p_copri_i_ak263/report/similar_hits.html
26 distinct scaffolds among 146 MCS survivors
37 distinct attached fragments among 140 candidates
Saved to /Volumes/bluecub/aglycone_release_100um_24h/output/quercitrin_b_ovatus_atcc_8483_and_b_ovatus_atcc_8483_d_operon/report/similar_hits.html
8 distinct scaffolds among 39 MCS survivors
8 distinct attached fragments among 39 candidates
Saved to /Volumes/bluecub/aglycone_release_100um_24h/output/quercitrin_b_thetaiotaomicron_vpi_5482/report/similar_hits.html
15 distinct scaffolds among 77 MCS survivors
23 distinct attached fragments among 72 candidates
Saved to /Volumes/bluecub/aglycone_release_100um_24h/output/quercitrin_b_uniformis_atcc_8492_and_bu_gsh_d_ggh_c_gsh_g/report/similar_hits.html
3 distinct scaffolds among 4 MCS survivors
3 distinct attached fragments among 3 candidates
Saved to /Volumes/bluecub/aglycone_release_100um_24h/output/quercitrin_p_copri_i_ak263/report/similar_hits.html
13 distinct scaffolds among 44 MCS survivors
21 distinct attached fragments among 44 candidates
Saved to /Volumes/bluecub/aglycone_release_100um_24h/output/rutin_b_ovatus_atcc_8483_and_b_ovatus_atcc_8483_d_operon/report/similar_hits.html
8 distinct scaffolds among 14 MCS survivors
12 distinct attached fragments among 14 candidates
Saved to /Volumes/bluecub/aglycone_release_100um_24h/output/rutin_b_thetaiotaomicron_vpi_5482/report/similar_hits.html
13 distinct scaffolds among 28 MCS survivors
21 distinct attached fragments among 28 candidates
Saved to /Volumes/bluecub/aglycone_release_100um_24h/output/rutin_b_uniformis_atcc_8492_and_bu_gsh_d_ggh_c_gsh_g/report/similar_hits.html
4 distinct scaffolds among 4 MCS survivors
4 distinct attached fragments among 4 candidates
Saved to /Volumes/bluecub/aglycone_release_100um_24h/output/rutin_p_copri_i_ak263/report/similar_hits.html
25 distinct scaffolds among 71 MCS survivors
36 distinct attached fragments among 63 candidates
Saved to /Volumes/bluecub/aglycone_release_100um_24h/output/saponarin_b_ovatus_atcc_8483_and_b_ovatus_atcc_8483_d_operon/report/similar_hits.html
30 distinct scaffolds among 93 MCS survivors
45 distinct attached fragments among 84 candidates
Saved to /Volumes/bluecub/aglycone_release_100um_24h/output/saponarin_b_thetaiotaomicron_vpi_5482/report/similar_hits.html
27 distinct scaffolds among 95 MCS survivors
47 distinct attached fragments among 91 candidates
Saved to /Volumes/bluecub/aglycone_release_100um_24h/output/saponarin_b_uniformis_atcc_8492_and_bu_gsh_d_ggh_c_gsh_g/report/similar_hits.html
21 distinct scaffolds among 104 MCS survivors
47 distinct attached fragments among 100 candidates
Saved to /Volumes/bluecub/aglycone_release_100um_24h/output/saponarin_p_copri_i_ak263/report/similar_hits.html
6 distinct scaffolds among 14 MCS survivors
10 distinct attached fragments among 14 candidates
Saved to /Volumes/bluecub/aglycone_release_100um_24h/output/schaftoside_b_ovatus_atcc_8483_and_b_ovatus_atcc_8483_d_operon/report/similar_hits.html
37 distinct scaffolds among 129 MCS survivors
58 distinct attached fragments among 120 candidates
Saved to /Volumes/bluecub/aglycone_release_100um_24h/output/schaftoside_b_thetaiotaomicron_vpi_5482/report/similar_hits.html
17 distinct scaffolds among 25 MCS survivors
21 distinct attached fragments among 25 candidates
Saved to /Volumes/bluecub/aglycone_release_100um_24h/output/schaftoside_b_uniformis_atcc_8492_and_bu_gsh_d_ggh_c_gsh_g/report/similar_hits.html
9 distinct scaffolds among 21 MCS survivors
11 distinct attached fragments among 21 candidates
Saved to /Volumes/bluecub/aglycone_release_100um_24h/output/schaftoside_p_copri_i_ak263/report/similar_hits.html
6 distinct scaffolds among 11 MCS survivors
8 distinct attached fragments among 11 candidates
Saved to /Volumes/bluecub/aglycone_release_100um_24h/output/sophoricoside_b_ovatus_atcc_8483_and_b_ovatus_atcc_8483_d_operon/report/similar_hits.html
15 distinct scaffolds among 38 MCS survivors
26 distinct attached fragments among 38 candidates
Saved to /Volumes/bluecub/aglycone_release_100um_24h/output/sophoricoside_b_thetaiotaomicron_vpi_5482/report/similar_hits.html
14 distinct scaffolds among 39 MCS survivors
18 distinct attached fragments among 39 candidates
Saved to /Volumes/bluecub/aglycone_release_100um_24h/output/sophoricoside_b_uniformis_atcc_8492_and_bu_gsh_d_ggh_c_gsh_g/report/similar_hits.html
12 distinct scaffolds among 18 MCS survivors
12 distinct attached fragments among 17 candidates
Saved to /Volumes/bluecub/aglycone_release_100um_24h/output/sophoricoside_p_copri_i_ak263/report/similar_hits.html
34 distinct scaffolds among 124 MCS survivors
60 distinct attached fragments among 118 candidates
Saved to /Volumes/bluecub/aglycone_release_100um_24h/output/typhaneoside_b_ovatus_atcc_8483_and_b_ovatus_atcc_8483_d_operon/report/similar_hits.html
26 distinct scaffolds among 104 MCS survivors
44 distinct attached fragments among 99 candidates
Saved to /Volumes/bluecub/aglycone_release_100um_24h/output/typhaneoside_b_thetaiotaomicron_vpi_5482/report/similar_hits.html
32 distinct scaffolds among 139 MCS survivors
65 distinct attached fragments among 134 candidates
Saved to /Volumes/bluecub/aglycone_release_100um_24h/output/typhaneoside_b_uniformis_atcc_8492_and_bu_gsh_d_ggh_c_gsh_g/report/similar_hits.html
13 distinct scaffolds among 83 MCS survivors
37 distinct attached fragments among 81 candidates
Saved to /Volumes/bluecub/aglycone_release_100um_24h/output/typhaneoside_p_copri_i_ak263/report/similar_hits.html
10 distinct scaffolds among 26 MCS survivors
14 distinct attached fragments among 26 candidates
Saved to /Volumes/bluecub/aglycone_release_100um_24h/output/vitexin_2_o_rhamnoside_b_ovatus_atcc_8483_and_b_ovatus_atcc_8483_d_operon/report/similar_hits.html
No retained features for /Volumes/bluecub/aglycone_release_100um_24h/output/vitexin_2_o_rhamnoside_b_thetaiotaomicron_vpi_5482 - nothing to report, skipping.
11 distinct scaffolds among 31 MCS survivors
18 distinct attached fragments among 31 candidates
Saved to /Volumes/bluecub/aglycone_release_100um_24h/output/vitexin_2_o_rhamnoside_b_uniformis_atcc_8492_and_bu_gsh_d_ggh_c_gsh_g/report/similar_hits.html
4 distinct scaffolds among 32 MCS survivors
14 distinct attached fragments among 32 candidates
Saved to /Volumes/bluecub/aglycone_release_100um_24h/output/vitexin_2_o_rhamnoside_p_copri_i_ak263/report/similar_hits.html
31 distinct scaffolds among 91 MCS survivors
52 distinct attached fragments among 90 candidates
Saved to /Volumes/bluecub/aglycone_release_100um_24h/output/vitexin_4_o_glucoside_b_ovatus_atcc_8483_and_b_ovatus_atcc_8483_d_operon/report/similar_hits.html
33 distinct scaffolds among 185 MCS survivors
56 distinct attached fragments among 176 candidates
Saved to /Volumes/bluecub/aglycone_release_100um_24h/output/vitexin_4_o_glucoside_b_thetaiotaomicron_vpi_5482/report/similar_hits.html
32 distinct scaffolds among 147 MCS survivors
57 distinct attached fragments among 138 candidates
Saved to /Volumes/bluecub/aglycone_release_100um_24h/output/vitexin_4_o_glucoside_b_uniformis_atcc_8492_and_bu_gsh_d_ggh_c_gsh_g/report/similar_hits.html
30 distinct scaffolds among 111 MCS survivors
49 distinct attached fragments among 105 candidates
Saved to /Volumes/bluecub/aglycone_release_100um_24h/output/vitexin_4_o_glucoside_p_copri_i_ak263/report/similar_hits.html
18 distinct scaffolds among 47 MCS survivors
23 distinct attached fragments among 46 candidates
Saved to /Volumes/bluecub/aglycone_release_100um_24h/output/x2_o_b_l_galactopyranosylorientin_b_ovatus_atcc_8483_and_b_ovatus_atcc_8483_d_operon/report/similar_hits.html
22 distinct scaffolds among 59 MCS survivors
37 distinct attached fragments among 59 candidates
Saved to /Volumes/bluecub/aglycone_release_100um_24h/output/x2_o_b_l_galactopyranosylorientin_b_thetaiotaomicron_vpi_5482/report/similar_hits.html
19 distinct scaffolds among 52 MCS survivors
22 distinct attached fragments among 52 candidates
Saved to /Volumes/bluecub/aglycone_release_100um_24h/output/x2_o_b_l_galactopyranosylorientin_b_uniformis_atcc_8492_and_bu_gsh_d_ggh_c_gsh_g/report/similar_hits.html
6 distinct scaffolds among 38 MCS survivors
24 distinct attached fragments among 38 candidates
Saved to /Volumes/bluecub/aglycone_release_100um_24h/output/x2_o_b_l_galactopyranosylorientin_p_copri_i_ak263/report/similar_hits.html
